[
  {
    "commits": 4,
    "email": "john@doe.org",
    "name": "John Doe"
  },
  {
    "commits": 2,
    "email": "john@doe.com",
    "name": "John Doe1"
  },
  {
    "commits": 2,
    "email": "john@doe.com",
    "name": "John Doe2"
  },
  {
    "commits": 2,
    "email": "john@doe.com",
    "name": "John Doe3"
  }
]
