[
  {
    "commits": 6,
    "email": "john@doe.com",
    "name": "John Doe"
  },
  {
    "commits": 4,
    "email": "john@doe.org",
    "name": "John Doe"
  }
]
